/home/hp/Documents/KDU/Assignment 2/Assignment/src/main/java/com/caching/service/controller/CustomErrorController.java
/home/hp/Documents/KDU/Assignment 2/Assignment/src/main/java/com/caching/service/CachingApplication.java
/home/hp/Documents/KDU/Assignment 2/Assignment/src/main/java/com/caching/service/dto/ResponseDTOReverse.java
/home/hp/Documents/KDU/Assignment 2/Assignment/src/main/java/com/caching/service/model/ForwardGeoCodingParams.java
/home/hp/Documents/KDU/Assignment 2/Assignment/src/main/java/com/caching/service/repository/caching/CacheConfig.java
/home/hp/Documents/KDU/Assignment 2/Assignment/src/main/java/com/caching/service/model/RemoteAPIForward.java
/home/hp/Documents/KDU/Assignment 2/Assignment/src/main/java/com/caching/service/dto/ErrorDTO.java
/home/hp/Documents/KDU/Assignment 2/Assignment/src/main/java/com/caching/service/service/GeoLocationService.java
/home/hp/Documents/KDU/Assignment 2/Assignment/src/main/java/com/caching/service/controller/GeoLocationController.java
/home/hp/Documents/KDU/Assignment 2/Assignment/src/main/java/com/caching/service/model/ReverseGeoCodingParams.java
/home/hp/Documents/KDU/Assignment 2/Assignment/src/main/java/com/caching/service/model/RemoteAPIReverse.java
/home/hp/Documents/KDU/Assignment 2/Assignment/src/main/java/com/caching/service/repository/caching/CacheRepository.java
/home/hp/Documents/KDU/Assignment 2/Assignment/src/main/java/com/caching/service/controller/GeoLocationUIController.java
/home/hp/Documents/KDU/Assignment 2/Assignment/src/main/java/com/caching/service/dto/ResponseDTOForward.java
